// Jest Snapshot v1, https://goo.gl/fbAQLP

exports[`EventDetail renders same as snapshot 1`] = `
<section
  className="event-detail"
>
  <StatusBar
    event={
      Object {
        "id": 1,
        "name": "name",
        "parent_name": "category",
        "short_name": "short_name",
        "start_datetime": 1990-10-09T23:00:00.000Z,
      }
    }
    fetchData={[Function]}
    id={1}
  />
   
  <div>
    <h1
      className="event-detail__name"
    >
      name
      (
      short_name
      )
    </h1>
    <p
      className="event-detail__category"
    >
      category
    </p>
    <p
      className="event-detail__date"
    >
      October 10th 1990, 12:00:00 am
    </p>
  </div>
  <Link
    className="event-detail__link"
    replace={false}
    to="/popular"
  >
    Go back
  </Link>
</section>
`;
