// Jest Snapshot v1, https://goo.gl/fbAQLP

exports[`App renders same as snapshot 1`] = `
<div
  className="app"
>
  <header>
    <Link
      replace={false}
      to="https://smarkets.com"
    >
      <img
        alt="logo"
        className="app__logo"
        src="http://bookmaker-info.com/en/wordpress/wp-content/uploads/2014/08/smarkets.png"
      />
    </Link>
  </header>
  <main>
    <Route
      exact={true}
      path="/"
      render={[Function]}
    />
    <Route
      component={[Function]}
      exact={true}
      path="/popular"
    />
    <Route
      component={[Function]}
      exact={true}
      path="/event/:id"
    />
  </main>
</div>
`;
